vite v7.3.6 building client environment for production...
transforming...
✓ 311 modules transformed.
rendering chunks...
computing gzip size...
../.game-builds/love-tag-review/swoop-detroit/traffic-studio.html                             2.41 kB │ gzip:     1.17 kB
../.game-builds/love-tag-review/swoop-detroit/companion-studio.html                           2.46 kB │ gzip:     1.11 kB
../.game-builds/love-tag-review/swoop-detroit/rider-studio.html                               3.61 kB │ gzip:     1.57 kB
../.game-builds/love-tag-review/swoop-detroit/assets/we-are-detroit-user-DPh9B28-.jpg        10.77 kB
../.game-builds/love-tag-review/swoop-detroit/detroit.html                                   11.99 kB │ gzip:     4.94 kB
../.game-builds/love-tag-review/swoop-detroit/assets/field-assets-CqvsqzPk.glb               36.92 kB
../.game-builds/love-tag-review/swoop-detroit/assets/blue-dragon-user-Dr4YzOXo.jpg           42.01 kB
../.game-builds/love-tag-review/swoop-detroit/assets/carsmuraldequindrecut-BryLlqOB.jpg      50.59 kB
../.game-builds/love-tag-review/swoop-detroit/assets/sydneyjames2-BHs59PaF.jpg               64.28 kB
../.game-builds/love-tag-review/swoop-detroit/assets/ivanmontoyamural-Paas6vPy.jpg           72.05 kB
../.game-builds/love-tag-review/swoop-detroit/assets/freddymural-DKOKEo-L.jpg                76.98 kB
../.game-builds/love-tag-review/swoop-detroit/assets/fel3000mural-DsTDehD4.jpg               77.40 kB
../.game-builds/love-tag-review/swoop-detroit/assets/mission-cover-B7obQXgy.webp            113.61 kB
../.game-builds/love-tag-review/swoop-detroit/assets/swoop-rivals-DPfBVZbw.webp             216.13 kB
../.game-builds/love-tag-review/swoop-detroit/assets/hdl-user-CjJCRD_J.jpg                  260.24 kB
../.game-builds/love-tag-review/swoop-detroit/assets/detroit-dreams-CuCNr6m2.jpg            443.86 kB
../.game-builds/love-tag-review/swoop-detroit/assets/grass_01_normal-CeLXfj89.jpg           484.81 kB
../.game-builds/love-tag-review/swoop-detroit/assets/grass_01-Bk--EHD6.jpg                  534.53 kB
../.game-builds/love-tag-review/swoop-detroit/assets/lottomind-refined-6R7q-npO.png       1,234.91 kB
../.game-builds/love-tag-review/swoop-detroit/assets/gothtechnology-refined-DyG7icho.png  1,405.62 kB
../.game-builds/love-tag-review/swoop-detroit/assets/serengeti-refined-B6GS_DkN.png       1,533.17 kB
../.game-builds/love-tag-review/swoop-detroit/assets/detroit-heart-Cs8E2Zx8.png           2,277.76 kB
../.game-builds/love-tag-review/swoop-detroit/assets/rideAudio-C19J8wjh.css                   0.95 kB │ gzip:     0.51 kB
../.game-builds/love-tag-review/swoop-detroit/assets/bootUi-7VGRqR8G.css                     40.30 kB │ gzip:     9.37 kB
../.game-builds/love-tag-review/swoop-detroit/assets/main-C7k79kWO.css                       67.00 kB │ gzip:    13.56 kB
../.game-builds/love-tag-review/swoop-detroit/assets/rideComfort-mVGT1cy6.js                  0.44 kB │ gzip:     0.31 kB
../.game-builds/love-tag-review/swoop-detroit/assets/detroit-D9WGeXLg.js                      0.64 kB │ gzip:     0.43 kB
../.game-builds/love-tag-review/swoop-detroit/assets/modulepreload-polyfill-B5Qt9EMX.js       0.71 kB │ gzip:     0.40 kB
../.game-builds/love-tag-review/swoop-detroit/assets/companion-studio-DATdUyR1.js             3.60 kB │ gzip:     1.74 kB
../.game-builds/love-tag-review/swoop-detroit/assets/bootUi-5ZgKI06Y.js                       4.04 kB │ gzip:     1.88 kB
../.game-builds/love-tag-review/swoop-detroit/assets/traffic-studio-C6EMG31s.js               4.67 kB │ gzip:     2.27 kB
../.game-builds/love-tag-review/swoop-detroit/assets/dogSteering-Cy_brsY7.js                  7.99 kB │ gzip:     3.24 kB
../.game-builds/love-tag-review/swoop-detroit/assets/rider-studio-CtzxbQr7.js                 8.64 kB │ gzip:     3.76 kB
../.game-builds/love-tag-review/swoop-detroit/assets/OrbitControls-Bn3jtEq7.js               19.76 kB │ gzip:     4.48 kB
../.game-builds/love-tag-review/swoop-detroit/assets/browser-BzBbrBKd.js                     32.14 kB │ gzip:    12.33 kB
../.game-builds/love-tag-review/swoop-detroit/assets/humanFallRig-DWgKAnka.js                68.09 kB │ gzip:    24.08 kB
../.game-builds/love-tag-review/swoop-detroit/assets/tagClient-CaPlovCH.js                  210.07 kB │ gzip:    67.65 kB
../.game-builds/love-tag-review/swoop-detroit/assets/three.core-BjRw1Yol.js                 279.80 kB │ gzip:    76.76 kB
../.game-builds/love-tag-review/swoop-detroit/assets/hls.light-Cm5ppQ94.js                  370.93 kB │ gzip:   117.84 kB
../.game-builds/love-tag-review/swoop-detroit/assets/terrain-DKDmByyw.js                    399.78 kB │ gzip:   100.75 kB
../.game-builds/love-tag-review/swoop-detroit/assets/main-BZl_SJFM.js                     2,080.91 kB │ gzip:   597.98 kB
../.game-builds/love-tag-review/swoop-detroit/assets/rideAudio-CiLD0oLs.js                2,259.70 kB │ gzip:   558.87 kB
../.game-builds/love-tag-review/swoop-detroit/assets/rapier-CeAOKAel.js                   2,896.33 kB │ gzip: 1,094.30 kB

(!) Some chunks are larger than 500 kB after minification. Consider:
- Using dynamic import() to code-split the application
- Use build.rollupOptions.output.manualChunks to improve chunking: https://rollupjs.org/configuration-options/#output-manualchunks
- Adjust chunk size limit for this warning via build.chunkSizeWarningLimit.
✓ built in 5.43s
Packaged Swoop Detroit: 56 assets
vite v7.3.6 building client environment for production...
transforming...
✓ 183 modules transformed.
rendering chunks...
computing gzip size...
../_goth_swoop_release_20260916/lottominded-ultra.io/games/gothtechnology2/.game-builds/love-tag-review/elmwood-explorer/elmwood.html                    33.47 kB │ gzip:    10.00 kB
../_goth_swoop_release_20260916/lottominded-ultra.io/games/gothtechnology2/.game-builds/love-tag-review/elmwood-explorer/assets/elmwood-YjOwzPUX.css     37.99 kB │ gzip:     7.97 kB
../_goth_swoop_release_20260916/lottominded-ultra.io/games/gothtechnology2/.game-builds/love-tag-review/elmwood-explorer/assets/browser-BzBbrBKd.js      32.14 kB │ gzip:    12.33 kB
../_goth_swoop_release_20260916/lottominded-ultra.io/games/gothtechnology2/.game-builds/love-tag-review/elmwood-explorer/assets/elmwood-T20OqGN_.js   6,822.10 kB │ gzip: 2,004.80 kB

(!) Some chunks are larger than 500 kB after minification. Consider:
- Using dynamic import() to code-split the application
- Use build.rollupOptions.output.manualChunks to improve chunking: https://rollupjs.org/configuration-options/#output-manualchunks
- Adjust chunk size limit for this warning via build.chunkSizeWarningLimit.
✓ built in 3.24s
{"files":115,"textures":75,"megabytes":272}
