(node:26988) ExperimentalWarning: Transform Types is an experimental feature and might change at any time
(Use `node --trace-warnings ...` to show where the warning was created)
✔ a missed gate recovery returns to the last earned checkpoint and preserves race progress (3.6432ms)
✔ blocked earned checkpoints do not teleport a racer through scenery (4.7049ms)
(node:9392) ExperimentalWarning: Transform Types is an experimental feature and might change at any time
(Use `node --trace-warnings ...` to show where the warning was created)
✔ all three bicycle racers finish the actual Creek Lane course (7637.4061ms)
ℹ {"vehicle":"bicycle","finishes":[48.73333333333121,50.674999999997766,50.54166666666444],"recoveries":[0,0,0],"stoppedTicks":0}
✔ all three EUC racers finish the actual Creek Lane course (14293.7838ms)
ℹ {"vehicle":"EUC","finishes":[37.34166666666519,38.34999999999847,38.68333333333178],"recoveries":[0,0,0],"stoppedTicks":0}
✔ the race has no time cutoff and recovery relocation cannot grant a gate (0.2851ms)
✔ pack finishes together with 15 Hz render frames (7174.0645ms)
✔ pack finishes together with 30 Hz render frames (7006.5171ms)
✔ bicycle pack passes a stopped roaming cyclist near the first bend without recovery (7608.6893ms)
ℹ tests 8
ℹ suites 0
ℹ pass 8
ℹ fail 0
ℹ cancelled 0
ℹ skipped 0
ℹ todo 0
ℹ duration_ms 44145.5595
