(node:39064) ExperimentalWarning: Transform Types is an experimental feature and might change at any time
(Use `node --trace-warnings ...` to show where the warning was created)
✔ club all three bicycle racers finish the actual Creek Lane course (9847.4063ms)
ℹ {"vehicle":"bicycle","finishes":[48.73333333333121,50.674999999997766,50.54166666666444],"recoveries":[0,0,0],"stoppedTicks":0}
✔ club all three EUC racers finish the actual Creek Lane course (15618.1143ms)
ℹ {"vehicle":"EUC","finishes":[37.34166666666519,38.34999999999847,38.68333333333178],"recoveries":[0,0,0],"stoppedTicks":0}
✔ expert all three bicycle racers finish the actual Creek Lane course (7452.0304ms)
ℹ {"vehicle":"bicycle","finishes":[44.34166666666479,45.87499999999804,45.9166666666647],"recoveries":[0,0,0],"stoppedTicks":0}
✔ expert all three EUC racers finish the actual Creek Lane course (14811.0783ms)
ℹ {"vehicle":"EUC","finishes":[33.708333333332064,34.47499999999869,35.166666666665314],"recoveries":[0,0,0],"stoppedTicks":0}
✔ the race has no time cutoff and recovery relocation cannot grant a gate (0.3799ms)
✔ pack finishes together with 15 Hz render frames (7870.6256ms)
✔ pack finishes together with 30 Hz render frames (8266.8865ms)
✔ bicycle pack passes a stopped roaming cyclist near the first bend without recovery (8654.4518ms)
ℹ tests 8
ℹ suites 0
ℹ pass 8
ℹ fail 0
ℹ cancelled 0
ℹ skipped 0
ℹ todo 0
ℹ duration_ms 73046.222
