[
  {
    "product": "elmwood-explorer",
    "ruleset": "spread",
    "roomId": "K98KTG7mX",
    "code": "5E8AFDE8",
    "humans": 2,
    "bots": 2,
    "independentMovement": true,
    "serverTag": true,
    "reconnectSeconds": 5,
    "seatRetained": true,
    "canonicalDuration": 180,
    "resultIdentical": true,
    "rematch": true,
    "hash": "c9b4941ee9564c13995ff7250ec2a866d2571e71702f831fa90ad894cb091b09"
  },
  {
    "product": "swoop-detroit",
    "ruleset": "spread",
    "roomId": "CjJ_PIvis",
    "code": "A86A3410",
    "humans": 2,
    "bots": 2,
    "independentMovement": true,
    "serverTag": true,
    "reconnectSeconds": 5,
    "seatRetained": true,
    "canonicalDuration": 180,
    "resultIdentical": true,
    "rematch": true,
    "hash": "1e6bb15cfc7e04aad46a85939c5ae364e27de073b28983f8ea5015562f963e8b"
  },
  {
    "product": "swoop-detroit",
    "ruleset": "classic",
    "roomId": "aH1cup9DI",
    "code": "A92E0FD1",
    "humans": 2,
    "bots": 0,
    "independentMovement": true,
    "serverTag": true,
    "reconnectSeconds": 5,
    "seatRetained": true,
    "canonicalDuration": 180,
    "resultIdentical": true,
    "rematch": true,
    "hash": "1e6bb15cfc7e04aad46a85939c5ae364e27de073b28983f8ea5015562f963e8b"
  },
  {
    "product": "elmwood-explorer",
    "ruleset": "classic",
    "roomId": "2l19Gq4sI",
    "code": "C157DD2D",
    "humans": 2,
    "bots": 0,
    "independentMovement": true,
    "serverTag": true,
    "reconnectSeconds": 5,
    "seatRetained": true,
    "canonicalDuration": 180,
    "resultIdentical": true,
    "rematch": true,
    "hash": "c9b4941ee9564c13995ff7250ec2a866d2571e71702f831fa90ad894cb091b09"
  }
]
