{
  "firstIllegal": [
    {
      "tick": 8814,
      "time": 146.91666666667572,
      "pose": {
        "x": 1750.8658178619519,
        "y": 5.282302938232423,
        "z": 31.942557872959195,
        "speed": 0.8744195600154828,
        "yaw": 2.918520214947082
      },
      "input": {
        "throttle": 1,
        "steer": -0.04126684609204139,
        "burst": false
      },
      "lane": {
        "distance": 0.21770611363062092,
        "point": {
          "x": 1751.0828015394466,
          "y": 5.291736270556288,
          "z": 31.96027892295723
        },
        "lane": {
          "a": {
            "x": 1749.8891132754504,
            "y": 5.071262441406251,
            "z": 46.57627906587982
          },
          "b": {
            "x": 1751.2291132754503,
            "y": 5.318760000000001,
            "z": 30.16877906587979
          },
          "width": 3
        }
      },
      "goal": {
        "x": 1751.2291132754503,
        "y": 5.318760000000001,
        "z": 30.16877906587979
      },
      "route": [
        {
          "x": 1751.2291132754503,
          "y": 5.318760000000001,
          "z": 30.16877906587979
        }
      ]
    },
    {
      "tick": 8820,
      "time": 147.0166666666758,
      "pose": {
        "x": 1750.882462368154,
        "y": 5.318760000000001,
        "z": 31.869290684474837,
        "speed": 0.36403573418571494,
        "yaw": 2.923193662257493
      },
      "input": {
        "throttle": 1,
        "steer": -0.03278482328436923,
        "burst": false
      },
      "lane": {
        "distance": 0.20708071309913242,
        "point": {
          "x": 1751.0888559044545,
          "y": 5.2928545097789135,
          "z": 31.886146837980412
        },
        "lane": {
          "a": {
            "x": 1749.8891132754504,
            "y": 5.071262441406251,
            "z": 46.57627906587982
          },
          "b": {
            "x": 1751.2291132754503,
            "y": 5.318760000000001,
            "z": 30.16877906587979
          },
          "width": 3
        }
      },
      "goal": {
        "x": 1751.2291132754503,
        "y": 5.318760000000001,
        "z": 30.16877906587979
      },
      "route": [
        {
          "x": 1751.2291132754503,
          "y": 5.318760000000001,
          "z": 30.16877906587979
        }
      ]
    },
    {
      "tick": 8826,
      "time": 147.11666666667588,
      "pose": {
        "x": 1750.892465886194,
        "y": 5.318760000000001,
        "z": 31.824247052310437,
        "speed": 0.536332483190252,
        "yaw": 2.9250921505741334
      },
      "input": {
        "throttle": 1,
        "steer": -0.029160018207047063,
        "burst": false
      },
      "lane": {
        "distance": 0.2007768952978002,
        "point": {
          "x": 1751.092576523287,
          "y": 5.293541706851716,
          "z": 31.840590081638783
        },
        "lane": {
          "a": {
            "x": 1749.8891132754504,
            "y": 5.071262441406251,
            "z": 46.57627906587982
          },
          "b": {
            "x": 1751.2291132754503,
            "y": 5.318760000000001,
            "z": 30.16877906587979
          },
          "width": 3
        }
      },
      "goal": {
        "x": 1751.2291132754503,
        "y": 5.318760000000001,
        "z": 30.16877906587979
      },
      "route": [
        {
          "x": 1751.2291132754503,
          "y": 5.318760000000001,
          "z": 30.16877906587979
        }
      ]
    },
    {
      "tick": 8832,
      "time": 147.21666666667596,
      "pose": {
        "x": 1750.9062741576265,
        "y": 5.318760000000001,
        "z": 31.761385780804805,
        "speed": 0.9270011596883431,
        "yaw": 2.9260648715222923
      },
      "input": {
        "throttle": 1,
        "steer": -0.02799456872436954,
        "burst": false
      },
      "lane": {
        "distance": 0.19213128701162166,
        "point": {
          "x": 1751.0977678760266,
          "y": 5.294500547992622,
          "z": 31.777025066659213
        },
        "lane": {
          "a": {
            "x": 1749.8891132754504,
            "y": 5.071262441406251,
            "z": 46.57627906587982
          },
          "b": {
            "x": 1751.2291132754503,
            "y": 5.318760000000001,
            "z": 30.16877906587979
          },
          "width": 3
        }
      },
      "goal": {
        "x": 1751.2291132754503,
        "y": 5.318760000000001,
        "z": 30.16877906587979
      },
      "route": [
        {
          "x": 1751.2291132754503,
          "y": 5.318760000000001,
          "z": 30.16877906587979
        }
      ]
    },
    {
      "tick": 8838,
      "time": 147.31666666667604,
      "pose": {
        "x": 1750.9292743795072,
        "y": 5.318760000000001,
        "z": 31.656234664179657,
        "speed": 1.453679957645273,
        "yaw": 2.926587660770291
      },
      "input": {
        "throttle": -0.7,
        "steer": -0.028423990195234162,
        "burst": false
      },
      "lane": {
        "distance": 0.17776658002366158,
        "point": {
          "x": 1751.1064510587742,
          "y": 5.2961043289857725,
          "z": 31.670704677906166
        },
        "lane": {
          "a": {
            "x": 1749.8891132754504,
            "y": 5.071262441406251,
            "z": 46.57627906587982
          },
          "b": {
            "x": 1751.2291132754503,
            "y": 5.318760000000001,
            "z": 30.16877906587979
          },
          "width": 3
        }
      },
      "goal": {
        "x": 1751.2291132754503,
        "y": 5.318760000000001,
        "z": 30.16877906587979
      },
      "route": [
        {
          "x": 1751.2291132754503,
          "y": 5.318760000000001,
          "z": 30.16877906587979
        }
      ]
    },
    {
      "tick": 8844,
      "time": 147.41666666667612,
      "pose": {
        "x": 1750.9597308366467,
        "y": 5.318760000000001,
        "z": 31.516727045226475,
        "speed": 1.3897041891387654,
        "yaw": 2.926828585185111
      },
      "input": {
        "throttle": -0.7,
        "steer": -0.03056258944481254,
        "burst": false
      },
      "lane": {
        "distance": 0.1587669639172215,
        "point": {
          "x": 1751.117970948148,
          "y": 5.29823204875838,
          "z": 31.529650510069484
        },
        "lane": {
          "a": {
            "x": 1749.8891132754504,
            "y": 5.071262441406251,
            "z": 46.57627906587982
          },
          "b": {
            "x": 1751.2291132754503,
            "y": 5.318760000000001,
            "z": 30.16877906587979
          },
          "width": 3
        }
      },
      "goal": {
        "x": 1751.2291132754503,
        "y": 5.318760000000001,
        "z": 30.16877906587979
      },
      "route": [
        {
          "x": 1751.2291132754503,
          "y": 5.318760000000001,
          "z": 30.16877906587979
        }
      ]
    },
    {
      "tick": 8850,
      "time": 147.5166666666762,
      "pose": {
        "x": 1750.9853210438034,
        "y": 5.318760000000001,
        "z": 31.39940453977752,
        "speed": 0.8137698955028929,
        "yaw": 2.926935281742813
      },
      "input": {
        "throttle": -0.5402582700854244,
        "steer": -0.03348094590949503,
        "burst": false
      },
      "lane": {
        "distance": 0.14281160458516642,
        "point": {
          "x": 1751.1276587422494,
          "y": 5.300021381137681,
          "z": 31.41102925505514
        },
        "lane": {
          "a": {
            "x": 1749.8891132754504,
            "y": 5.071262441406251,
            "z": 46.57627906587982
          },
          "b": {
            "x": 1751.2291132754503,
            "y": 5.318760000000001,
            "z": 30.16877906587979
          },
          "width": 3
        }
      },
      "goal": {
        "x": 1751.2291132754503,
        "y": 5.318760000000001,
        "z": 30.16877906587979
      },
      "route": [
        {
          "x": 1751.2291132754503,
          "y": 5.318760000000001,
          "z": 30.16877906587979
        }
      ]
    },
    {
      "tick": 8856,
      "time": 147.61666666667628,
      "pose": {
        "x": 1751.000867234576,
        "y": 5.318760000000001,
        "z": 31.328098525928144,
        "speed": 0.471017481955367,
        "yaw": 2.9269794006139964
      },
      "input": {
        "throttle": -0.25832361046872954,
        "steer": -0.03580453304503246,
        "burst": false
      },
      "lane": {
        "distance": 0.13312123726809383,
        "point": {
          "x": 1751.1335467222273,
          "y": 5.30110888910003,
          "z": 31.3389344554392
        },
        "lane": {
          "a": {
            "x": 1749.8891132754504,
            "y": 5.071262441406251,
            "z": 46.57627906587982
          },
          "b": {
            "x": 1751.2291132754503,
            "y": 5.318760000000001,
            "z": 30.16877906587979
          },
          "width": 3
        }
      },
      "goal": {
        "x": 1751.2291132754503,
        "y": 5.318760000000001,
        "z": 30.16877906587979
      },
      "route": [
        {
          "x": 1751.2291132754503,
          "y": 5.318760000000001,
          "z": 30.16877906587979
        }
      ]
    }
  ]
}
