[
  {
    "product": "elmwood-explorer",
    "ruleset": "spread",
    "roomId": "IdWtMLWEN",
    "code": "D01FFB33",
    "humans": 2,
    "bots": 2,
    "independentMovement": true,
    "serverTag": true,
    "reconnectSeconds": 5,
    "seatRetained": true,
    "canonicalDuration": 180,
    "resultIdentical": true,
    "rematch": true,
    "hash": "dab18d0638db3746073199e1ee8d3cde01d2a14ef80539e899fc94eb5cfdcc35"
  },
  {
    "product": "elmwood-explorer",
    "ruleset": "classic",
    "roomId": "5x82VPwzl",
    "code": "C0503DD2",
    "humans": 2,
    "bots": 0,
    "independentMovement": true,
    "serverTag": true,
    "reconnectSeconds": 5,
    "seatRetained": true,
    "canonicalDuration": 180,
    "resultIdentical": true,
    "rematch": true,
    "hash": "dab18d0638db3746073199e1ee8d3cde01d2a14ef80539e899fc94eb5cfdcc35"
  },
  {
    "product": "swoop-detroit",
    "ruleset": "spread",
    "roomId": "xEy6jU_uL",
    "code": "337E5D22",
    "humans": 2,
    "bots": 2,
    "independentMovement": true,
    "serverTag": true,
    "reconnectSeconds": 5,
    "seatRetained": true,
    "canonicalDuration": 180,
    "resultIdentical": true,
    "rematch": true,
    "hash": "71b7fee49b94129344e2ea5dd3a63250af7983e5ae32e8459e90a9873babc59e"
  },
  {
    "product": "swoop-detroit",
    "ruleset": "classic",
    "roomId": "Dxv7CptZh",
    "code": "644FAA8E",
    "humans": 2,
    "bots": 0,
    "independentMovement": true,
    "serverTag": true,
    "reconnectSeconds": 5,
    "seatRetained": true,
    "canonicalDuration": 180,
    "resultIdentical": true,
    "rematch": true,
    "hash": "71b7fee49b94129344e2ea5dd3a63250af7983e5ae32e8459e90a9873babc59e"
  }
]
