[
  {
    "product": "elmwood-explorer",
    "ruleset": "spread",
    "roomId": "Rv9KQoijU",
    "code": "C8C213EF",
    "humans": 2,
    "bots": 2,
    "independentMovement": true,
    "serverTag": true,
    "reconnectSeconds": 5,
    "seatRetained": true,
    "canonicalDuration": 180,
    "resultIdentical": true,
    "rematch": true,
    "hash": "3f6b52b05efd0dd7a6b0b60e99f2a736e5559b4145d1631a2161400c0b5aaa36"
  },
  {
    "product": "swoop-detroit",
    "ruleset": "spread",
    "roomId": "fZBTRUYIo",
    "code": "AAA8D50B",
    "humans": 2,
    "bots": 2,
    "independentMovement": true,
    "serverTag": true,
    "reconnectSeconds": 5,
    "seatRetained": true,
    "canonicalDuration": 180,
    "resultIdentical": true,
    "rematch": true,
    "hash": "71b7fee49b94129344e2ea5dd3a63250af7983e5ae32e8459e90a9873babc59e"
  },
  {
    "product": "elmwood-explorer",
    "ruleset": "classic",
    "roomId": "P8-DoMkwe",
    "code": "0F5566AD",
    "humans": 2,
    "bots": 0,
    "independentMovement": true,
    "serverTag": true,
    "reconnectSeconds": 5,
    "seatRetained": true,
    "canonicalDuration": 180,
    "resultIdentical": true,
    "rematch": true,
    "hash": "3f6b52b05efd0dd7a6b0b60e99f2a736e5559b4145d1631a2161400c0b5aaa36"
  },
  {
    "product": "swoop-detroit",
    "ruleset": "classic",
    "roomId": "MQ_fc2owQ",
    "code": "53772E37",
    "humans": 2,
    "bots": 0,
    "independentMovement": true,
    "serverTag": true,
    "reconnectSeconds": 5,
    "seatRetained": true,
    "canonicalDuration": 180,
    "resultIdentical": true,
    "rematch": true,
    "hash": "71b7fee49b94129344e2ea5dd3a63250af7983e5ae32e8459e90a9873babc59e"
  }
]
