
> gothtechnology-game@1.0.0 build
> astro build

15:14:34 [types] Generated 162ms
15:14:34 [build] output: "static"
15:14:34 [build] mode: "static"
15:14:34 [build] directory: C:\Users\digit\Documents\phone\_goth_swoop_release_20260916\lottominded-ultra.io\games\gothtechnology2\dist\
15:14:34 [build] Collecting build info...
15:14:34 [build] ✓ Completed in 228ms.
15:14:35 [build] Building static entrypoints...
15:14:35 [vite] ✓ built in 654ms
15:14:39 [WARN] [vite] [plugin builtin:vite-reporter] 
(!) Some chunks are larger than 500 kB after minification. Consider:
- Using dynamic import() to code-split the application
- Use build.rolldownOptions.output.codeSplitting to improve chunking: https://rolldown.rs/reference/OutputOptions.codeSplitting
- Adjust chunk size limit for this warning via build.chunkSizeWarningLimit.
15:14:39 [vite] ✓ built in 3.31s
15:14:39 [build] Rearranging server assets...

 generating static routes 
15:14:39   ├─ /404.html (+22ms) 
15:14:39   ├─ /about/index.html (+20ms) 
15:14:39   ├─ /api/companion.json (+9ms) 
15:14:39   ├─ /collections/night-protocol/index.html (+28ms) 
15:14:39   ├─ /collections/detroit-2084/index.html (+33ms) 
15:14:39   ├─ /collections/static-saints/index.html (+40ms) 
15:14:39   ├─ /collections/cyber-cathedral/index.html (+16ms) 
15:14:39   ├─ /collections/black-signal/index.html (+25ms) 
15:14:39   ├─ /collections/founder-transmission/index.html (+19ms) 
15:14:39   ├─ /collections/combat-systems/index.html (+24ms) 
15:14:39   ├─ /collections/original-artwork/index.html (+48ms) 
15:14:39   ├─ /collections/armory-fragrance/index.html (+63ms) 
15:14:39   ├─ /collections/index.html (+14ms) 
15:14:39   ├─ /lookbook/index.html (+9ms) 
15:14:39   ├─ /lottomind/index.html (+10ms) 
15:14:39   ├─ /manifest.webmanifest (+6ms) 
15:14:39   ├─ /play/index.html (+16ms) 
15:14:39   ├─ /products/night-protocol-hoodie/index.html (+12ms) 
15:14:39   ├─ /products/boogeyman-graphic-hoodie/index.html (+12ms) 
15:14:39   ├─ /products/detroit-2084-shirt/index.html (+10ms) 
15:14:39   ├─ /products/armory-fragrance-roller-collection/index.html (+10ms) 
15:14:39   ├─ /products/black-signal-beanie/index.html (+9ms) 
15:14:39   ├─ /products/detroit-skull-cap-alt/index.html (+13ms) 
15:14:39   ├─ /products/gothtechnology-luggage-charm/index.html (+9ms) 
15:14:39   ├─ /products/static-saints-patch-set/index.html (+6ms) 
15:14:39   ├─ /products/static-saints-detroit-rug/index.html (+5ms) 
15:14:39   ├─ /products/cyber-cathedral-art-print/index.html (+5ms) 
15:14:39   ├─ /products/mobster-luggage-charm/index.html (+7ms) 
15:14:39   ├─ /products/key-knife-keychain/index.html (+6ms) 
15:14:40   ├─ /products/black-signal-digital-pack/index.html (+7ms) 
15:14:40   ├─ /products/mobster-charm-key-knife-bundle/index.html (+9ms) 
15:14:40   ├─ /products/key-knife-gun-attachment-bundle/index.html (+8ms) 
15:14:40   ├─ /products/founder-loadout-bundle/index.html (+10ms) 
15:14:40   ├─ /products/detroit-skyline-cap/index.html (+10ms) 
15:14:40   ├─ /products/detroit-riverfront-sunset-artwork/index.html (+5ms) 
15:14:40   ├─ /products/detroit-winter-sunset-artwork/index.html (+9ms) 
15:14:40   ├─ /shop/index.html (+21ms) 
15:14:40   ├─ /sitemap.xml (+9ms) 
15:14:40   ├─ /contact/index.html (+6ms) 
15:14:40   ├─ /faq/index.html (+8ms) 
15:14:40   ├─ /shipping/index.html (+4ms) 
15:14:40   ├─ /returns/index.html (+4ms) 
15:14:40   ├─ /privacy/index.html (+4ms) 
15:14:40   ├─ /terms/index.html (+3ms) 
15:14:40   ├─ /accessibility/index.html (+3ms) 
15:14:40   ├─ /index.html (+19ms) 
15:14:40 ✓ Completed in 783ms.

15:14:40 [build] ✓ Completed in 4.93s.
15:14:40 [build] 43 page(s) built in 5.74s
15:14:40 [build] Complete!
