
> gothtechnology-game@1.0.0 build
> astro build

14:31:24 [types] Generated 146ms
14:31:24 [build] output: "static"
14:31:24 [build] mode: "static"
14:31:24 [build] directory: C:\Users\digit\Documents\phone\_goth_swoop_release_20260916\lottominded-ultra.io\games\gothtechnology2\dist\
14:31:24 [build] Collecting build info...
14:31:24 [build] ✓ Completed in 209ms.
14:31:24 [build] Building static entrypoints...
14:31:25 [vite] ✓ built in 673ms
14:31:27 [WARN] [vite] [plugin builtin:vite-reporter] 
(!) Some chunks are larger than 500 kB after minification. Consider:
- Using dynamic import() to code-split the application
- Use build.rolldownOptions.output.codeSplitting to improve chunking: https://rolldown.rs/reference/OutputOptions.codeSplitting
- Adjust chunk size limit for this warning via build.chunkSizeWarningLimit.
14:31:27 [vite] ✓ built in 2.33s
14:31:27 [build] Rearranging server assets...

 generating static routes 
14:31:27   ├─ /404.html (+20ms) 
14:31:27   ├─ /about/index.html (+16ms) 
14:31:27   ├─ /api/companion.json (+7ms) 
14:31:27   ├─ /collections/night-protocol/index.html (+17ms) 
14:31:27   ├─ /collections/detroit-2084/index.html (+12ms) 
14:31:27   ├─ /collections/static-saints/index.html (+11ms) 
14:31:27   ├─ /collections/cyber-cathedral/index.html (+14ms) 
14:31:27   ├─ /collections/black-signal/index.html (+13ms) 
14:31:27   ├─ /collections/founder-transmission/index.html (+14ms) 
14:31:27   ├─ /collections/combat-systems/index.html (+27ms) 
14:31:27   ├─ /collections/original-artwork/index.html (+33ms) 
14:31:27   ├─ /collections/armory-fragrance/index.html (+12ms) 
14:31:27   ├─ /collections/index.html (+10ms) 
14:31:27   ├─ /lookbook/index.html (+9ms) 
14:31:27   ├─ /lottomind/index.html (+8ms) 
14:31:27   ├─ /manifest.webmanifest (+5ms) 
14:31:27   ├─ /play/index.html (+6ms) 
14:31:27   ├─ /products/night-protocol-hoodie/index.html (+7ms) 
14:31:27   ├─ /products/boogeyman-graphic-hoodie/index.html (+6ms) 
14:31:27   ├─ /products/detroit-2084-shirt/index.html (+5ms) 
14:31:27   ├─ /products/armory-fragrance-roller-collection/index.html (+4ms) 
14:31:27   ├─ /products/black-signal-beanie/index.html (+7ms) 
14:31:27   ├─ /products/detroit-skull-cap-alt/index.html (+6ms) 
14:31:27   ├─ /products/gothtechnology-luggage-charm/index.html (+5ms) 
14:31:27   ├─ /products/static-saints-patch-set/index.html (+6ms) 
14:31:27   ├─ /products/static-saints-detroit-rug/index.html (+5ms) 
14:31:27   ├─ /products/cyber-cathedral-art-print/index.html (+6ms) 
14:31:27   ├─ /products/mobster-luggage-charm/index.html (+7ms) 
14:31:27   ├─ /products/key-knife-keychain/index.html (+5ms) 
14:31:27   ├─ /products/black-signal-digital-pack/index.html (+7ms) 
14:31:27   ├─ /products/mobster-charm-key-knife-bundle/index.html (+5ms) 
14:31:27   ├─ /products/key-knife-gun-attachment-bundle/index.html (+6ms) 
14:31:27   ├─ /products/founder-loadout-bundle/index.html (+6ms) 
14:31:27   ├─ /products/detroit-skyline-cap/index.html (+6ms) 
14:31:27   ├─ /products/detroit-riverfront-sunset-artwork/index.html (+5ms) 
14:31:28   ├─ /products/detroit-winter-sunset-artwork/index.html (+5ms) 
14:31:28   ├─ /shop/index.html (+14ms) 
14:31:28   ├─ /sitemap.xml (+4ms) 
14:31:28   ├─ /contact/index.html (+3ms) 
14:31:28   ├─ /faq/index.html (+3ms) 
14:31:28   ├─ /shipping/index.html (+3ms) 
14:31:28   ├─ /returns/index.html (+4ms) 
14:31:28   ├─ /privacy/index.html (+3ms) 
14:31:28   ├─ /terms/index.html (+3ms) 
14:31:28   ├─ /accessibility/index.html (+3ms) 
14:31:28   ├─ /index.html (+14ms) 
14:31:28 ✓ Completed in 464ms.

14:31:28 [build] ✓ Completed in 3.62s.
14:31:28 [build] 43 page(s) built in 4.27s
14:31:28 [build] Complete!
