
> gothtechnology-game@1.0.0 build
> astro build

16:09:11 [types] Generated 122ms
16:09:11 [build] output: "static"
16:09:11 [build] mode: "static"
16:09:11 [build] directory: C:\Users\digit\Documents\phone\_goth_swoop_release_20260916\lottominded-ultra.io\games\gothtechnology2\dist\
16:09:11 [build] Collecting build info...
16:09:11 [build] ✓ Completed in 172ms.
16:09:12 [build] Building static entrypoints...
16:09:12 [vite] ✓ built in 473ms
16:09:15 [WARN] [vite] [plugin builtin:vite-reporter] 
(!) Some chunks are larger than 500 kB after minification. Consider:
- Using dynamic import() to code-split the application
- Use build.rolldownOptions.output.codeSplitting to improve chunking: https://rolldown.rs/reference/OutputOptions.codeSplitting
- Adjust chunk size limit for this warning via build.chunkSizeWarningLimit.
16:09:15 [vite] ✓ built in 3.33s
16:09:15 [build] Rearranging server assets...

 generating static routes 
16:09:16   ├─ /404.html (+15ms) 
16:09:16   ├─ /about/index.html (+11ms) 
16:09:16   ├─ /api/companion.json (+5ms) 
16:09:16   ├─ /collections/night-protocol/index.html (+13ms) 
16:09:16   ├─ /collections/detroit-2084/index.html (+9ms) 
16:09:16   ├─ /collections/static-saints/index.html (+9ms) 
16:09:16   ├─ /collections/cyber-cathedral/index.html (+10ms) 
16:09:16   ├─ /collections/black-signal/index.html (+12ms) 
16:09:16   ├─ /collections/founder-transmission/index.html (+11ms) 
16:09:16   ├─ /collections/combat-systems/index.html (+9ms) 
16:09:16   ├─ /collections/original-artwork/index.html (+11ms) 
16:09:16   ├─ /collections/armory-fragrance/index.html (+11ms) 
16:09:16   ├─ /collections/index.html (+6ms) 
16:09:16   ├─ /lookbook/index.html (+4ms) 
16:09:16   ├─ /lottomind/index.html (+6ms) 
16:09:16   ├─ /manifest.webmanifest (+3ms) 
16:09:16   ├─ /play/index.html (+5ms) 
16:09:16   ├─ /products/night-protocol-hoodie/index.html (+6ms) 
16:09:16   ├─ /products/boogeyman-graphic-hoodie/index.html (+4ms) 
16:09:16   ├─ /products/detroit-2084-shirt/index.html (+4ms) 
16:09:16   ├─ /products/armory-fragrance-roller-collection/index.html (+2ms) 
16:09:16   ├─ /products/black-signal-beanie/index.html (+4ms) 
16:09:16   ├─ /products/detroit-skull-cap-alt/index.html (+4ms) 
16:09:16   ├─ /products/gothtechnology-luggage-charm/index.html (+6ms) 
16:09:16   ├─ /products/static-saints-patch-set/index.html (+11ms) 
16:09:16   ├─ /products/static-saints-detroit-rug/index.html (+4ms) 
16:09:16   ├─ /products/cyber-cathedral-art-print/index.html (+4ms) 
16:09:16   ├─ /products/mobster-luggage-charm/index.html (+13ms) 
16:09:16   ├─ /products/key-knife-keychain/index.html (+5ms) 
16:09:16   ├─ /products/black-signal-digital-pack/index.html (+4ms) 
16:09:16   ├─ /products/mobster-charm-key-knife-bundle/index.html (+4ms) 
16:09:16   ├─ /products/key-knife-gun-attachment-bundle/index.html (+4ms) 
16:09:16   ├─ /products/founder-loadout-bundle/index.html (+3ms) 
16:09:16   ├─ /products/detroit-skyline-cap/index.html (+4ms) 
16:09:16   ├─ /products/detroit-riverfront-sunset-artwork/index.html (+3ms) 
16:09:16   ├─ /products/detroit-winter-sunset-artwork/index.html (+3ms) 
16:09:16   ├─ /shop/index.html (+10ms) 
16:09:16   ├─ /sitemap.xml (+3ms) 
16:09:16   ├─ /contact/index.html (+2ms) 
16:09:16   ├─ /faq/index.html (+2ms) 
16:09:16   ├─ /shipping/index.html (+2ms) 
16:09:16   ├─ /returns/index.html (+2ms) 
16:09:16   ├─ /privacy/index.html (+2ms) 
16:09:16   ├─ /terms/index.html (+2ms) 
16:09:16   ├─ /accessibility/index.html (+2ms) 
16:09:16   ├─ /index.html (+10ms) 
16:09:16 ✓ Completed in 324ms.

16:09:16 [build] ✓ Completed in 4.25s.
16:09:16 [build] 43 page(s) built in 4.78s
16:09:16 [build] Complete!
